{'ant_tarball': 'http://www.apache.org/dist/ant/binaries/apache-ant-1.8.4-bin.tar.bz2',
 'block_devices': [u'/dev/sda'],
 'blockdev_readahead': u'256',
 'cluster_name': 'cstar_perf I4SZNXPZG7',
 'commitlog_directory': u'/home/vagrant/fab/node_data/commitlog',
 'data_file_directories': [u'/home/vagrant/fab/node_data/data'],
 'env': u'',
 'flush_directory': u'/home/vagrant/fab/node_data/flush',
 'git_repo': 'git://github.com/apache/cassandra.git',
 'hosts': {u'cnode1': {u'hostname': u'cnode1',
                       u'internal_ip': u'192.168.56.201',
                       u'seed': True}},
 'java_home': '~/fab/java',
 u'label': u'test',
 'log_dir': '~/fab/cassandra/logs',
 u'name': u'virtualbox',
 'num_tokens': 256,
 'override_version': None,
 'partitioner': 'murmur3',
 'revision': u'cassandra-2.1.2',
 'saved_caches_directory': u'/home/vagrant/fab/node_data/saved_caches',
 'seeds': [u'192.168.56.201'],
 'use_jna': True,
 'use_vnodes': True,
 'user': u'vagrant',
 u'yaml': {'memtable_allocation_type': 'offheap_objects',
           'memtable_cleanup_threshold': 0.9}}
[cnode1] Executing task 'set_device_read_ahead'
[cnode1] run: blockdev --setra 256 /dev/sda
[cnode1] Executing task 'destroy'
[cnode1] run: rm -rf fab/cassandra
[cnode1] run: rm -rf fab/scripts
[cnode1] run: rm -f fab/nohup.log
[cnode1] run: rm -rf /home/vagrant/fab/node_data/data/*
[cnode1] run: rm -rf /home/vagrant/fab/node_data/saved_caches/*
[cnode1] run: rm -rf /home/vagrant/fab/node_data/commitlog/*
[cnode1] run: rm -rf /home/vagrant/fab/node_data/flush/*
[cnode1] run: rm -rf ~/fab/cassandra/logs
[cnode1] run: rm -f /tmp/fincore.stats.log
[cnode1] Executing task 'ensure_stopped'
[cnode1] Cassandra shutdown.
[cnode1] Executing task 'bootstrap'
[ryan@sarang] Executing task 'bootstrap'
[ryan@sarang] run: mkdir -p fab
[ryan@sarang] run: git --git-dir=$HOME/fab/cassandra.git fetch mstump
[ryan@sarang] run: git --git-dir=$HOME/fab/cassandra.git fetch aweisberg
[ryan@sarang] run: git --git-dir=$HOME/fab/cassandra.git fetch carlyeks
[ryan@sarang] run: git --git-dir=$HOME/fab/cassandra.git fetch tjake
[ryan@sarang] run: git --git-dir=$HOME/fab/cassandra.git fetch iamaleksey
[ryan@sarang] run: git --git-dir=$HOME/fab/cassandra.git fetch bes
[ryan@sarang] run: git --git-dir=$HOME/fab/cassandra.git fetch belliottsmith
[ryan@sarang] run: git --git-dir=$HOME/fab/cassandra.git fetch pcmanus
[ryan@sarang] run: git --git-dir=$HOME/fab/cassandra.git fetch marcuse
[ryan@sarang] run: git --git-dir=$HOME/fab/cassandra.git fetch jbellis
[ryan@sarang] run: git --git-dir=$HOME/fab/cassandra.git fetch shawnkumar
[ryan@sarang] run: git --git-dir=$HOME/fab/cassandra.git fetch knifewine
[ryan@sarang] run: git --git-dir=$HOME/fab/cassandra.git fetch enigmacurry
[ryan@sarang] run: git --git-dir=$HOME/fab/cassandra.git fetch apache
[ryan@sarang] run: rm -rf ~/fab/cassandra
[ryan@sarang] run: git --git-dir=$HOME/fab/cassandra.git rev-parse cassandra-2.1.2
[ryan@sarang] out: 18d68a230712ed0f32d5525c2e13af7c8c490bce
[ryan@sarang] out: 

[ryan@sarang] run: mkdir -p ~/fab/cassandra_builds
[ryan@sarang] run: cp -a ~/fab/cassandra_builds/18d68a230712ed0f32d5525c2e13af7c8c490bce ~/fab/cassandra
[cnode1] run: mkdir -p fab
[cnode1] run: git --git-dir=$HOME/fab/cassandra.git fetch mstump
[cnode1] run: git --git-dir=$HOME/fab/cassandra.git fetch aweisberg
[cnode1] run: git --git-dir=$HOME/fab/cassandra.git fetch carlyeks
[cnode1] run: git --git-dir=$HOME/fab/cassandra.git fetch tjake
[cnode1] run: git --git-dir=$HOME/fab/cassandra.git fetch iamaleksey
[cnode1] run: git --git-dir=$HOME/fab/cassandra.git fetch bes
[cnode1] run: git --git-dir=$HOME/fab/cassandra.git fetch belliottsmith
[cnode1] run: git --git-dir=$HOME/fab/cassandra.git fetch pcmanus
[cnode1] run: git --git-dir=$HOME/fab/cassandra.git fetch marcuse
[cnode1] run: git --git-dir=$HOME/fab/cassandra.git fetch jbellis
[cnode1] run: git --git-dir=$HOME/fab/cassandra.git fetch shawnkumar
[cnode1] run: git --git-dir=$HOME/fab/cassandra.git fetch knifewine
[cnode1] run: git --git-dir=$HOME/fab/cassandra.git fetch enigmacurry
[cnode1] run: git --git-dir=$HOME/fab/cassandra.git fetch apache
[cnode1] run: rm -rf ~/fab/cassandra
[cnode1] run: git --git-dir=$HOME/fab/cassandra.git rev-parse cassandra-2.1.2
[cnode1] out: 18d68a230712ed0f32d5525c2e13af7c8c490bce
[cnode1] out: 

[cnode1] run: mkdir -p ~/fab/cassandra_builds
[cnode1] run: cp -a ~/fab/cassandra_builds/18d68a230712ed0f32d5525c2e13af7c8c490bce ~/fab/cassandra
[cnode1] download: <file obj> <- /home/vagrant/fab/cassandra/conf/cassandra.yaml
[cnode1] run: ~/fab/java/bin/java -cp "$HOME/fab/cassandra/build/classes/main:$HOME/fab/cassandra/lib/*:$HOME/fab/jython.jar" -Dpython.path="$HOME/fab/cassandra/build/classes/main" org.python.util.jython -c "import org.apache.cassandra.config.Config as Config; print dict(Config.__dict__).keys()"
[cnode1] out: ['key_cache_size_in_mb', 'rpc_recv_buff_size_in_bytes', 'index_summary_capacity_in_mb', '__init__', 'num_tokens', 'rpc_server_type', 'hinted_handoff_enabled_global', 'snapshot_before_compaction', 'rpc_min_threads', 'compaction_throughput_mb_per_sec', 'start_rpc', 'file_cache_size_in_mb', 'rpc_interface', 'CommitFailurePolicy', 'max_hint_window_in_ms', 'listen_interface', 'client_encryption_options', 'commitlog_sync', 'endpoint_snitch', 'index_interval', 'hinted_handoff_throttle_in_kb', 'native_transport_max_frame_size_in_mb', 'max_streaming_retries', 'stream_throughput_outbound_megabits_per_sec', 'trickle_fsync_interval_in_kb', 'InternodeCompression', 'key_cache_save_period', 'write_request_timeout_in_ms', 'memtable_flush_writers', 'internode_authenticator', 'CommitLogSync', 'concurrent_replicates', 'commitlog_segment_size_in_mb', 'memtable_offheap_space_in_mb', 'DiskFailurePolicy', 'inter_dc_stream_throughput_outbound_megabits_per_sec', 'request_scheduler_options', 'permissions_validity_in_ms', 'thrift_framed_transport_size_in_mb', 'counter_cache_save_period', 'cluster_name', 'internode_send_buff_size_in_bytes', 'native_transport_port', 'rpc_address', 'memtable_heap_space_in_mb', 'incremental_backups', 'tombstone_failure_threshold', 'request_timeout_in_ms', 'cas_contention_timeout_in_ms', 'dynamic_snitch_reset_interval_in_ms', 'native_transport_max_threads', 'key_cache_keys_to_save', 'memtable_allocation_type', 'parseHintedHandoffEnabledDCs', 'concurrent_writes', 'read_request_timeout_in_ms', 'getOutboundBindAny', 'batch_size_warn_threshold_in_kb', 'setOutboundBindAny', 'hinted_handoff_enabled_by_dc', 'request_scheduler', 'counter_write_request_timeout_in_ms', 'commitlog_periodic_queue_size', 'counter_cache_size_in_mb', 'request_scheduler_id', 'encryption_options', 'storage_port', 'cross_node_timeout', 'sstable_preemptive_open_interval_in_mb', 'internode_recv_buff_size_in_bytes', 'commitlog_sync_batch_window_in_ms', 'listen_address', 'auto_bootstrap', 'thrift_max_message_length_in_mb', 'concurrent_counter_writes', 'disk_failure_policy', 'index_summary_resize_interval_in_minutes', 'commit_failure_policy', 'auto_snapshot', 'concurrent_compactors', 'batchlog_replay_throttle_in_kb', 'max_hints_delivery_threads', 'DiskAccessMode', 'internode_compression', 'row_cache_save_period', 'rpc_max_threads', 'authorizer', 'disk_access_mode', 'hinted_handoff_enabled', 'row_cache_keys_to_save', 'rpc_port', 'saved_caches_directory', 'dynamic_snitch', 'row_cache_size_in_mb', 'rpc_send_buff_size_in_bytes', 'server_encryption_options', 'rpc_keepalive', 'commitlog_total_space_in_mb', 'broadcast_address', 'isClientMode', 'streaming_socket_timeout_in_ms', 'commitlog_directory', 'counter_cache_keys_to_save', 'broadcast_rpc_address', 'memory_allocator', 'seed_provider', 'ssl_storage_port', 'setClientMode', 'data_file_directories', 'tombstone_warn_threshold', 'memtable_cleanup_threshold', 'configHintedHandoff', 'commitlog_sync_period_in_ms', 'MemtableAllocationType', 'column_index_size_in_kb', 'partitioner', 'truncate_request_timeout_in_ms', 'range_request_timeout_in_ms', 'trickle_fsync', 'dynamic_snitch_update_interval_in_ms', 'rpc_listen_backlog', 'RequestSchedulerId', 'inter_dc_tcp_nodelay', 'authenticator', 'phi_convict_threshold', 'initial_token', 'concurrent_reads', 'dynamic_snitch_badness_threshold', 'start_native_transport']
[cnode1] out: 

[cnode1] put: <file obj> -> /home/vagrant/fab/cassandra/conf/cassandra.yaml
[cnode1] run: readlink -m ~/fab/cassandra/logs
[cnode1] out: /home/vagrant/fab/cassandra/logs
[cnode1] out: 

[cnode1] put: <file obj> -> /home/vagrant/fab/cassandra/conf/logback.xml
[cnode1] put: <file obj> -> /home/vagrant/fab/cassandra/conf/log4j-server.properties
[cnode1] put: /home/ryan/git/datastax/cstar_perf/tool/cstar_perf/tool/fincore_capture.py -> /home/vagrant/fab/fincore_capture.py
[cnode1] Executing task 'start'
[cnode1] run: readlink -m ~/fab/cassandra/logs
[cnode1] out: /home/vagrant/fab/cassandra/logs
[cnode1] out: 

[cnode1] run: mkdir -p ~/fab/scripts
[cnode1] put: <file obj> -> /home/vagrant/fab/scripts/7ceaacb0-83d1-11e4-ad35-d4bed9864f4e.sh
[cnode1] run: echo >> ~/fab/scripts/7ceaacb0-83d1-11e4-ad35-d4bed9864f4e.sh
[cnode1] run: cat ~/fab/cassandra/conf/cassandra-env.sh >> ~/fab/scripts/7ceaacb0-83d1-11e4-ad35-d4bed9864f4e.sh
[cnode1] run: cp ~/fab/scripts/7ceaacb0-83d1-11e4-ad35-d4bed9864f4e.sh ~/fab/cassandra/conf/cassandra-env.sh
[cnode1] Starting Cassandra..
[cnode1] run: JAVA_HOME=~/fab/java nohup ~/fab/cassandra/bin/cassandra
[cnode1] out: nohup: ignoring input and appending output to ‘nohup.out’
[cnode1] out: 

[192.168.56.201] Executing task 'ensure_running'
[192.168.56.201] run: JAVA_HOME=~/fab/java ~/fab/cassandra/bin/nodetool ring
[192.168.56.201] out: 
[192.168.56.201] out: Datacenter: datacenter1
[192.168.56.201] out: ==========
[192.168.56.201] out: Address         Rack        Status State   Load            Owns                Token                                       
[192.168.56.201] out:                                                                                9208398423862809934                         
[192.168.56.201] out: 192.168.56.201  rack1       Up     Normal  41.15 KB        100.00%             -9112439708062069402                        
[192.168.56.201] out: 192.168.56.201  rack1       Up     Normal  41.15 KB        100.00%             -9106393620386271533                        
[192.168.56.201] out: 192.168.56.201  rack1       Up     Normal  41.15 KB        100.00%             -9100726542011144525                        
[192.168.56.201] out: 192.168.56.201  rack1       Up     Normal  41.15 KB        100.00%             -9070548048409493144                        
[192.168.56.201] out: 192.168.56.201  rack1       Up     Normal  41.15 KB        100.00%             -8987902486530831263                        
[192.168.56.201] out: 192.168.56.201  rack1       Up     Normal  41.15 KB        100.00%             -8967251942221237861                        
[192.168.56.201] out: 192.168.56.201  rack1       Up     Normal  41.15 KB        100.00%             -8757897735903592131                        
[192.168.56.201] out: 192.168.56.201  rack1       Up     Normal  41.15 KB        100.00%             -8738559171785676259                        
[192.168.56.201] out: 192.168.56.201  rack1       Up     Normal  41.15 KB        100.00%             -8595043030113413861                        
[192.168.56.201] out: 192.168.56.201  rack1       Up     Normal  41.15 KB        100.00%             -8507141122808873399                        
[192.168.56.201] out: 192.168.56.201  rack1       Up     Normal  41.15 KB        100.00%             -8446916863044579021                        
[192.168.56.201] out: 192.168.56.201  rack1       Up     Normal  41.15 KB        100.00%             -8413871439288070673                        
[192.168.56.201] out: 192.168.56.201  rack1       Up     Normal  41.15 KB        100.00%             -8290593548246586978                        
[192.168.56.201] out: 192.168.56.201  rack1       Up     Normal  41.15 KB        100.00%             -8272881110506136985                        
[192.168.56.201] out: 192.168.56.201  rack1       Up     Normal  41.15 KB        100.00%             -8253940359651981027                        
[192.168.56.201] out: 192.168.56.201  rack1       Up     Normal  41.15 KB        100.00%             -8250427417033311173                        
[192.168.56.201] out: 192.168.56.201  rack1       Up     Normal  41.15 KB        100.00%             -8176322331935141172                        
[192.168.56.201] out: 192.168.56.201  rack1       Up     Normal  41.15 KB        100.00%             -8142167406199479958                        
[192.168.56.201] out: 192.168.56.201  rack1       Up     Normal  41.15 KB        100.00%             -8046217271500422838                        
[192.168.56.201] out: 192.168.56.201  rack1       Up     Normal  41.15 KB        100.00%             -7954445613561405224                        
[192.168.56.201] out: 192.168.56.201  rack1       Up     Normal  41.15 KB        100.00%             -7646592337817561061                        
[192.168.56.201] out: 192.168.56.201  rack1       Up     Normal  41.15 KB        100.00%             -7582681109395876865                        
[192.168.56.201] out: 192.168.56.201  rack1       Up     Normal  41.15 KB        100.00%             -7562515934123359266                        
[192.168.56.201] out: 192.168.56.201  rack1       Up     Normal  41.15 KB        100.00%             -7514201030551344353                        
[192.168.56.201] out: 192.168.56.201  rack1       Up     Normal  41.15 KB        100.00%             -7512991634673981788                        
[192.168.56.201] out: 192.168.56.201  rack1       Up     Normal  41.15 KB        100.00%             -7467711115505928724                        
[192.168.56.201] out: 192.168.56.201  rack1       Up     Normal  41.15 KB        100.00%             -7436371712678234822                        
[192.168.56.201] out: 192.168.56.201  rack1       Up     Normal  41.15 KB        100.00%             -7379583205956081487                        
[192.168.56.201] out: 192.168.56.201  rack1       Up     Normal  41.15 KB        100.00%             -7237251135669531802                        
[192.168.56.201] out: 192.168.56.201  rack1       Up     Normal  41.15 KB        100.00%             -7232388411910164591                        
[192.168.56.201] out: 192.168.56.201  rack1       Up     Normal  41.15 KB        100.00%             -7018455815847980206                        
[192.168.56.201] out: 192.168.56.201  rack1       Up     Normal  41.15 KB        100.00%             -7008457386425009627                        
[192.168.56.201] out: 192.168.56.201  rack1       Up     Normal  41.15 KB        100.00%             -6995282894660770896                        
[192.168.56.201] out: 192.168.56.201  rack1       Up     Normal  41.15 KB        100.00%             -6931053314546175206                        
[192.168.56.201] out: 192.168.56.201  rack1       Up     Normal  41.15 KB        100.00%             -6877875923926954971                        
[192.168.56.201] out: 192.168.56.201  rack1       Up     Normal  41.15 KB        100.00%             -6715696892163766825                        
[192.168.56.201] out: 192.168.56.201  rack1       Up     Normal  41.15 KB        100.00%             -6651184496117414734                        
[192.168.56.201] out: 192.168.56.201  rack1       Up     Normal  41.15 KB        100.00%             -6532264206803915885                        
[192.168.56.201] out: 192.168.56.201  rack1       Up     Normal  41.15 KB        100.00%             -6448177556550944497                        
[192.168.56.201] out: 192.168.56.201  rack1       Up     Normal  41.15 KB        100.00%             -6437653497941103995                        
[192.168.56.201] out: 192.168.56.201  rack1       Up     Normal  41.15 KB        100.00%             -6428565620251267904                        
[192.168.56.201] out: 192.168.56.201  rack1       Up     Normal  41.15 KB        100.00%             -6282355252661370954                        
[192.168.56.201] out: 192.168.56.201  rack1       Up     Normal  41.15 KB        100.00%             -6213186542529472451                        
[192.168.56.201] out: 192.168.56.201  rack1       Up     Normal  41.15 KB        100.00%             -6055613355700580150                        
[192.168.56.201] out: 192.168.56.201  rack1       Up     Normal  41.15 KB        100.00%             -6003638017400892352                        
[192.168.56.201] out: 192.168.56.201  rack1       Up     Normal  41.15 KB        100.00%             -5877543722504253562                        
[192.168.56.201] out: 192.168.56.201  rack1       Up     Normal  41.15 KB        100.00%             -5795512794152444096                        
[192.168.56.201] out: 192.168.56.201  rack1       Up     Normal  41.15 KB        100.00%             -5671364366619906498                        
[192.168.56.201] out: 192.168.56.201  rack1       Up     Normal  41.15 KB        100.00%             -5656553201334394009                        
[192.168.56.201] out: 192.168.56.201  rack1       Up     Normal  41.15 KB        100.00%             -5496087316006997527                        
[192.168.56.201] out: 192.168.56.201  rack1       Up     Normal  41.15 KB        100.00%             -5490386586154340590                        
[192.168.56.201] out: 192.168.56.201  rack1       Up     Normal  41.15 KB        100.00%             -5439590444959021920                        
[192.168.56.201] out: 192.168.56.201  rack1       Up     Normal  41.15 KB        100.00%             -5414028147975261936                        
[192.168.56.201] out: 192.168.56.201  rack1       Up     Normal  41.15 KB        100.00%             -5408766072638471823                        
[192.168.56.201] out: 192.168.56.201  rack1       Up     Normal  41.15 KB        100.00%             -5361586204734856457                        
[192.168.56.201] out: 192.168.56.201  rack1       Up     Normal  41.15 KB        100.00%             -5321921012423545749                        
[192.168.56.201] out: 192.168.56.201  rack1       Up     Normal  41.15 KB        100.00%             -5316204025939318573                        
[192.168.56.201] out: 192.168.56.201  rack1       Up     Normal  41.15 KB        100.00%             -5274353401316108566                        
[192.168.56.201] out: 192.168.56.201  rack1       Up     Normal  41.15 KB        100.00%             -5250183465862521421                        
[192.168.56.201] out: 192.168.56.201  rack1       Up     Normal  41.15 KB        100.00%             -5201692355970746384                        
[192.168.56.201] out: 192.168.56.201  rack1       Up     Normal  41.15 KB        100.00%             -5181782582894247351                        
[192.168.56.201] out: 192.168.56.201  rack1       Up     Normal  41.15 KB        100.00%             -4999814881370593056                        
[192.168.56.201] out: 192.168.56.201  rack1       Up     Normal  41.15 KB        100.00%             -4986381048924263558                        
[192.168.56.201] out: 192.168.56.201  rack1       Up     Normal  41.15 KB        100.00%             -4965608247815469109                        
[192.168.56.201] out: 192.168.56.201  rack1       Up     Normal  41.15 KB        100.00%             -4826275636384450524                        
[192.168.56.201] out: 192.168.56.201  rack1       Up     Normal  41.15 KB        100.00%             -4785342457298467771                        
[192.168.56.201] out: 192.168.56.201  rack1       Up     Normal  41.15 KB        100.00%             -4735564318368497285                        
[192.168.56.201] out: 192.168.56.201  rack1       Up     Normal  41.15 KB        100.00%             -4656413190482203659                        
[192.168.56.201] out: 192.168.56.201  rack1       Up     Normal  41.15 KB        100.00%             -4634090545844183303                        
[192.168.56.201] out: 192.168.56.201  rack1       Up     Normal  41.15 KB        100.00%             -4459852915431590291                        
[192.168.56.201] out: 192.168.56.201  rack1       Up     Normal  41.15 KB        100.00%             -4430350274492501035                        
[192.168.56.201] out: 192.168.56.201  rack1       Up     Normal  41.15 KB        100.00%             -4375777947530759396                        
[192.168.56.201] out: 192.168.56.201  rack1       Up     Normal  41.15 KB        100.00%             -4135023536170144208                        
[192.168.56.201] out: 192.168.56.201  rack1       Up     Normal  41.15 KB        100.00%             -3975993862242101922                        
[192.168.56.201] out: 192.168.56.201  rack1       Up     Normal  41.15 KB        100.00%             -3887147156074209999                        
[192.168.56.201] out: 192.168.56.201  rack1       Up     Normal  41.15 KB        100.00%             -3682001322238563665                        
[192.168.56.201] out: 192.168.56.201  rack1       Up     Normal  41.15 KB        100.00%             -3664779181727829712                        
[192.168.56.201] out: 192.168.56.201  rack1       Up     Normal  41.15 KB        100.00%             -3310876257445549317                        
[192.168.56.201] out: 192.168.56.201  rack1       Up     Normal  41.15 KB        100.00%             -3270393239942364653                        
[192.168.56.201] out: 192.168.56.201  rack1       Up     Normal  41.15 KB        100.00%             -3200642984229976008                        
[192.168.56.201] out: 192.168.56.201  rack1       Up     Normal  41.15 KB        100.00%             -3162199174511195655                        
[192.168.56.201] out: 192.168.56.201  rack1       Up     Normal  41.15 KB        100.00%             -3034680373946412506                        
[192.168.56.201] out: 192.168.56.201  rack1       Up     Normal  41.15 KB        100.00%             -2856329192068830914                        
[192.168.56.201] out: 192.168.56.201  rack1       Up     Normal  41.15 KB        100.00%             -2625789147822866702                        
[192.168.56.201] out: 192.168.56.201  rack1       Up     Normal  41.15 KB        100.00%             -2602049720710886141                        
[192.168.56.201] out: 192.168.56.201  rack1       Up     Normal  41.15 KB        100.00%             -2446201555435665155                        
[192.168.56.201] out: 192.168.56.201  rack1       Up     Normal  41.15 KB        100.00%             -2440055934351426999                        
[192.168.56.201] out: 192.168.56.201  rack1       Up     Normal  41.15 KB        100.00%             -2432804434437364698                        
[192.168.56.201] out: 192.168.56.201  rack1       Up     Normal  41.15 KB        100.00%             -2381668340322947530                        
[192.168.56.201] out: 192.168.56.201  rack1       Up     Normal  41.15 KB        100.00%             -2351125624419200542                        
[192.168.56.201] out: 192.168.56.201  rack1       Up     Normal  41.15 KB        100.00%             -2330225323130242459                        
[192.168.56.201] out: 192.168.56.201  rack1       Up     Normal  41.15 KB        100.00%             -2249263172169018012                        
[192.168.56.201] out: 192.168.56.201  rack1       Up     Normal  41.15 KB        100.00%             -2163169233275520975                        
[192.168.56.201] out: 192.168.56.201  rack1       Up     Normal  41.15 KB        100.00%             -2150281052723707819                        
[192.168.56.201] out: 192.168.56.201  rack1       Up     Normal  41.15 KB        100.00%             -2083046129956210057                        
[192.168.56.201] out: 192.168.56.201  rack1       Up     Normal  41.15 KB        100.00%             -2030070528297263700                        
[192.168.56.201] out: 192.168.56.201  rack1       Up     Normal  41.15 KB        100.00%             -1708461235562647973                        
[192.168.56.201] out: 192.168.56.201  rack1       Up     Normal  41.15 KB        100.00%             -1644057545288534423                        
[192.168.56.201] out: 192.168.56.201  rack1       Up     Normal  41.15 KB        100.00%             -1611437226396947346                        
[192.168.56.201] out: 192.168.56.201  rack1       Up     Normal  41.15 KB        100.00%             -1574755301070229168                        
[192.168.56.201] out: 192.168.56.201  rack1       Up     Normal  41.15 KB        100.00%             -1536400119659004906                        
[192.168.56.201] out: 192.168.56.201  rack1       Up     Normal  41.15 KB        100.00%             -1526800906775017253                        
[192.168.56.201] out: 192.168.56.201  rack1       Up     Normal  41.15 KB        100.00%             -1456201519849718423                        
[192.168.56.201] out: 192.168.56.201  rack1       Up     Normal  41.15 KB        100.00%             -1443889855753429064                        
[192.168.56.201] out: 192.168.56.201  rack1       Up     Normal  41.15 KB        100.00%             -1424274774745503763                        
[192.168.56.201] out: 192.168.56.201  rack1       Up     Normal  41.15 KB        100.00%             -1388734981970904200                        
[192.168.56.201] out: 192.168.56.201  rack1       Up     Normal  41.15 KB        100.00%             -1341378645466214791                        
[192.168.56.201] out: 192.168.56.201  rack1       Up     Normal  41.15 KB        100.00%             -1246912728459010140                        
[192.168.56.201] out: 192.168.56.201  rack1       Up     Normal  41.15 KB        100.00%             -1231844520676694040                        
[192.168.56.201] out: 192.168.56.201  rack1       Up     Normal  41.15 KB        100.00%             -1199952663121166397                        
[192.168.56.201] out: 192.168.56.201  rack1       Up     Normal  41.15 KB        100.00%             -1169558963490990599                        
[192.168.56.201] out: 192.168.56.201  rack1       Up     Normal  41.15 KB        100.00%             -1006733757172375081                        
[192.168.56.201] out: 192.168.56.201  rack1       Up     Normal  41.15 KB        100.00%             -936994924833405623                         
[192.168.56.201] out: 192.168.56.201  rack1       Up     Normal  41.15 KB        100.00%             -896846750906602944                         
[192.168.56.201] out: 192.168.56.201  rack1       Up     Normal  41.15 KB        100.00%             -843852752216642762                         
[192.168.56.201] out: 192.168.56.201  rack1       Up     Normal  41.15 KB        100.00%             -829517121109566911                         
[192.168.56.201] out: 192.168.56.201  rack1       Up     Normal  41.15 KB        100.00%             -667995282779843146                         
[192.168.56.201] out: 192.168.56.201  rack1       Up     Normal  41.15 KB        100.00%             -592830004071546624                         
[192.168.56.201] out: 192.168.56.201  rack1       Up     Normal  41.15 KB        100.00%             -568663465666225140                         
[192.168.56.201] out: 192.168.56.201  rack1       Up     Normal  41.15 KB        100.00%             -568231359158550293                         
[192.168.56.201] out: 192.168.56.201  rack1       Up     Normal  41.15 KB        100.00%             -500916168292786106                         
[192.168.56.201] out: 192.168.56.201  rack1       Up     Normal  41.15 KB        100.00%             -437783411165120799                         
[192.168.56.201] out: 192.168.56.201  rack1       Up     Normal  41.15 KB        100.00%             -388658664715910518                         
[192.168.56.201] out: 192.168.56.201  rack1       Up     Normal  41.15 KB        100.00%             -328755066496848492                         
[192.168.56.201] out: 192.168.56.201  rack1       Up     Normal  41.15 KB        100.00%             -266791892202924541                         
[192.168.56.201] out: 192.168.56.201  rack1       Up     Normal  41.15 KB        100.00%             -117108285622033180                         
[192.168.56.201] out: 192.168.56.201  rack1       Up     Normal  41.15 KB        100.00%             -25214922827976244                          
[192.168.56.201] out: 192.168.56.201  rack1       Up     Normal  41.15 KB        100.00%             54287767162345124                           
[192.168.56.201] out: 192.168.56.201  rack1       Up     Normal  41.15 KB        100.00%             89761300269633314                           
[192.168.56.201] out: 192.168.56.201  rack1       Up     Normal  41.15 KB        100.00%             135057905662694091                          
[192.168.56.201] out: 192.168.56.201  rack1       Up     Normal  41.15 KB        100.00%             138824055535837968                          
[192.168.56.201] out: 192.168.56.201  rack1       Up     Normal  41.15 KB        100.00%             151948783308229032                          
[192.168.56.201] out: 192.168.56.201  rack1       Up     Normal  41.15 KB        100.00%             156975399607774310                          
[192.168.56.201] out: 192.168.56.201  rack1       Up     Normal  41.15 KB        100.00%             203499578391787706                          
[192.168.56.201] out: 192.168.56.201  rack1       Up     Normal  41.15 KB        100.00%             231892432208628888                          
[192.168.56.201] out: 192.168.56.201  rack1       Up     Normal  41.15 KB        100.00%             391917189079774841                          
[192.168.56.201] out: 192.168.56.201  rack1       Up     Normal  41.15 KB        100.00%             395267708141742528                          
[192.168.56.201] out: 192.168.56.201  rack1       Up     Normal  41.15 KB        100.00%             584725461532330292                          
[192.168.56.201] out: 192.168.56.201  rack1       Up     Normal  41.15 KB        100.00%             735889371440912478                          
[192.168.56.201] out: 192.168.56.201  rack1       Up     Normal  41.15 KB        100.00%             749082057794544352                          
[192.168.56.201] out: 192.168.56.201  rack1       Up     Normal  41.15 KB        100.00%             929149571448239429                          
[192.168.56.201] out: 192.168.56.201  rack1       Up     Normal  41.15 KB        100.00%             987320986414306280                          
[192.168.56.201] out: 192.168.56.201  rack1       Up     Normal  41.15 KB        100.00%             990274897907372766                          
[192.168.56.201] out: 192.168.56.201  rack1       Up     Normal  41.15 KB        100.00%             1014377610085924499                         
[192.168.56.201] out: 192.168.56.201  rack1       Up     Normal  41.15 KB        100.00%             1054567496086814929                         
[192.168.56.201] out: 192.168.56.201  rack1       Up     Normal  41.15 KB        100.00%             1059625220492978146                         
[192.168.56.201] out: 192.168.56.201  rack1       Up     Normal  41.15 KB        100.00%             1101709800582013360                         
[192.168.56.201] out: 192.168.56.201  rack1       Up     Normal  41.15 KB        100.00%             1112841235257683098                         
[192.168.56.201] out: 192.168.56.201  rack1       Up     Normal  41.15 KB        100.00%             1115395412973375412                         
[192.168.56.201] out: 192.168.56.201  rack1       Up     Normal  41.15 KB        100.00%             1178824196899722023                         
[192.168.56.201] out: 192.168.56.201  rack1       Up     Normal  41.15 KB        100.00%             1187606946681655406                         
[192.168.56.201] out: 192.168.56.201  rack1       Up     Normal  41.15 KB        100.00%             1193238816040361223                         
[192.168.56.201] out: 192.168.56.201  rack1       Up     Normal  41.15 KB        100.00%             1312776464328977895                         
[192.168.56.201] out: 192.168.56.201  rack1       Up     Normal  41.15 KB        100.00%             1342153604922280336                         
[192.168.56.201] out: 192.168.56.201  rack1       Up     Normal  41.15 KB        100.00%             1505536631634291728                         
[192.168.56.201] out: 192.168.56.201  rack1       Up     Normal  41.15 KB        100.00%             1593846598300677702                         
[192.168.56.201] out: 192.168.56.201  rack1       Up     Normal  41.15 KB        100.00%             1744637147478036771                         
[192.168.56.201] out: 192.168.56.201  rack1       Up     Normal  41.15 KB        100.00%             1793079362496091319                         
[192.168.56.201] out: 192.168.56.201  rack1       Up     Normal  41.15 KB        100.00%             1828607604758804264                         
[192.168.56.201] out: 192.168.56.201  rack1       Up     Normal  41.15 KB        100.00%             1846254185119235800                         
[192.168.56.201] out: 192.168.56.201  rack1       Up     Normal  41.15 KB        100.00%             2124523943575927528                         
[192.168.56.201] out: 192.168.56.201  rack1       Up     Normal  41.15 KB        100.00%             2171366538725391914                         
[192.168.56.201] out: 192.168.56.201  rack1       Up     Normal  41.15 KB        100.00%             2209336558786263978                         
[192.168.56.201] out: 192.168.56.201  rack1       Up     Normal  41.15 KB        100.00%             2224958964336675233                         
[192.168.56.201] out: 192.168.56.201  rack1       Up     Normal  41.15 KB        100.00%             2274966322975977958                         
[192.168.56.201] out: 192.168.56.201  rack1       Up     Normal  41.15 KB        100.00%             2385222660062552661                         
[192.168.56.201] out: 192.168.56.201  rack1       Up     Normal  41.15 KB        100.00%             2404030858308044318                         
[192.168.56.201] out: 192.168.56.201  rack1       Up     Normal  41.15 KB        100.00%             2573528788618457807                         
[192.168.56.201] out: 192.168.56.201  rack1       Up     Normal  41.15 KB        100.00%             2623833270516186764                         
[192.168.56.201] out: 192.168.56.201  rack1       Up     Normal  41.15 KB        100.00%             2660610350091854894                         
[192.168.56.201] out: 192.168.56.201  rack1       Up     Normal  41.15 KB        100.00%             2731083636943974476                         
[192.168.56.201] out: 192.168.56.201  rack1       Up     Normal  41.15 KB        100.00%             2810614809831779559                         
[192.168.56.201] out: 192.168.56.201  rack1       Up     Normal  41.15 KB        100.00%             2811957380980267974                         
[192.168.56.201] out: 192.168.56.201  rack1       Up     Normal  41.15 KB        100.00%             3139774720680854921                         
[192.168.56.201] out: 192.168.56.201  rack1       Up     Normal  41.15 KB        100.00%             3198137571949507827                         
[192.168.56.201] out: 192.168.56.201  rack1       Up     Normal  41.15 KB        100.00%             3204284465617483390                         
[192.168.56.201] out: 192.168.56.201  rack1       Up     Normal  41.15 KB        100.00%             3244092456747429308                         
[192.168.56.201] out: 192.168.56.201  rack1       Up     Normal  41.15 KB        100.00%             3253117508651680589                         
[192.168.56.201] out: 192.168.56.201  rack1       Up     Normal  41.15 KB        100.00%             3259753941667638686                         
[192.168.56.201] out: 192.168.56.201  rack1       Up     Normal  41.15 KB        100.00%             3260713952274685553                         
[192.168.56.201] out: 192.168.56.201  rack1       Up     Normal  41.15 KB        100.00%             3273298168388214670                         
[192.168.56.201] out: 192.168.56.201  rack1       Up     Normal  41.15 KB        100.00%             3385951764933622564                         
[192.168.56.201] out: 192.168.56.201  rack1       Up     Normal  41.15 KB        100.00%             3422467304986948808                         
[192.168.56.201] out: 192.168.56.201  rack1       Up     Normal  41.15 KB        100.00%             3743027581698899843                         
[192.168.56.201] out: 192.168.56.201  rack1       Up     Normal  41.15 KB        100.00%             3794688837756348536                         
[192.168.56.201] out: 192.168.56.201  rack1       Up     Normal  41.15 KB        100.00%             4256623895039839029                         
[192.168.56.201] out: 192.168.56.201  rack1       Up     Normal  41.15 KB        100.00%             4295374901967595237                         
[192.168.56.201] out: 192.168.56.201  rack1       Up     Normal  41.15 KB        100.00%             4371266960788439050                         
[192.168.56.201] out: 192.168.56.201  rack1       Up     Normal  41.15 KB        100.00%             4379998250470892508                         
[192.168.56.201] out: 192.168.56.201  rack1       Up     Normal  41.15 KB        100.00%             4482870931715195071                         
[192.168.56.201] out: 192.168.56.201  rack1       Up     Normal  41.15 KB        100.00%             4642968633160407362                         
[192.168.56.201] out: 192.168.56.201  rack1       Up     Normal  41.15 KB        100.00%             4660377769888475918                         
[192.168.56.201] out: 192.168.56.201  rack1       Up     Normal  41.15 KB        100.00%             4676996334394083617                         
[192.168.56.201] out: 192.168.56.201  rack1       Up     Normal  41.15 KB        100.00%             4679626597413387279                         
[192.168.56.201] out: 192.168.56.201  rack1       Up     Normal  41.15 KB        100.00%             4865811238077371622                         
[192.168.56.201] out: 192.168.56.201  rack1       Up     Normal  41.15 KB        100.00%             4884341700523007697                         
[192.168.56.201] out: 192.168.56.201  rack1       Up     Normal  41.15 KB        100.00%             4890757787786072299                         
[192.168.56.201] out: 192.168.56.201  rack1       Up     Normal  41.15 KB        100.00%             4971730135385630467                         
[192.168.56.201] out: 192.168.56.201  rack1       Up     Normal  41.15 KB        100.00%             4977090935179708679                         
[192.168.56.201] out: 192.168.56.201  rack1       Up     Normal  41.15 KB        100.00%             5009964472994097291                         
[192.168.56.201] out: 192.168.56.201  rack1       Up     Normal  41.15 KB        100.00%             5060937955600206258                         
[192.168.56.201] out: 192.168.56.201  rack1       Up     Normal  41.15 KB        100.00%             5090714784303801761                         
[192.168.56.201] out: 192.168.56.201  rack1       Up     Normal  41.15 KB        100.00%             5112917115050994391                         
[192.168.56.201] out: 192.168.56.201  rack1       Up     Normal  41.15 KB        100.00%             5124230818466779427                         
[192.168.56.201] out: 192.168.56.201  rack1       Up     Normal  41.15 KB        100.00%             5124555246824344112                         
[192.168.56.201] out: 192.168.56.201  rack1       Up     Normal  41.15 KB        100.00%             5186517763669024228                         
[192.168.56.201] out: 192.168.56.201  rack1       Up     Normal  41.15 KB        100.00%             5226944226542816106                         
[192.168.56.201] out: 192.168.56.201  rack1       Up     Normal  41.15 KB        100.00%             5278628342761943859                         
[192.168.56.201] out: 192.168.56.201  rack1       Up     Normal  41.15 KB        100.00%             5382944513867667459                         
[192.168.56.201] out: 192.168.56.201  rack1       Up     Normal  41.15 KB        100.00%             5459013666909102672                         
[192.168.56.201] out: 192.168.56.201  rack1       Up     Normal  41.15 KB        100.00%             5500980521849540271                         
[192.168.56.201] out: 192.168.56.201  rack1       Up     Normal  41.15 KB        100.00%             5536119594559353834                         
[192.168.56.201] out: 192.168.56.201  rack1       Up     Normal  41.15 KB        100.00%             5815484616947467459                         
[192.168.56.201] out: 192.168.56.201  rack1       Up     Normal  41.15 KB        100.00%             5839378085952860134                         
[192.168.56.201] out: 192.168.56.201  rack1       Up     Normal  41.15 KB        100.00%             6019942973604454735                         
[192.168.56.201] out: 192.168.56.201  rack1       Up     Normal  41.15 KB        100.00%             6160742554082941311                         
[192.168.56.201] out: 192.168.56.201  rack1       Up     Normal  41.15 KB        100.00%             6178481228157444668                         
[192.168.56.201] out: 192.168.56.201  rack1       Up     Normal  41.15 KB        100.00%             6360677817549527906                         
[192.168.56.201] out: 192.168.56.201  rack1       Up     Normal  41.15 KB        100.00%             6371129800055297559                         
[192.168.56.201] out: 192.168.56.201  rack1       Up     Normal  41.15 KB        100.00%             6420895818011500329                         
[192.168.56.201] out: 192.168.56.201  rack1       Up     Normal  41.15 KB        100.00%             6439928089260454844                         
[192.168.56.201] out: 192.168.56.201  rack1       Up     Normal  41.15 KB        100.00%             6514183375082296465                         
[192.168.56.201] out: 192.168.56.201  rack1       Up     Normal  41.15 KB        100.00%             6546962334734275719                         
[192.168.56.201] out: 192.168.56.201  rack1       Up     Normal  41.15 KB        100.00%             6765826006682896680                         
[192.168.56.201] out: 192.168.56.201  rack1       Up     Normal  41.15 KB        100.00%             6932923577114585504                         
[192.168.56.201] out: 192.168.56.201  rack1       Up     Normal  41.15 KB        100.00%             7013374774064456160                         
[192.168.56.201] out: 192.168.56.201  rack1       Up     Normal  41.15 KB        100.00%             7077510385298366446                         
[192.168.56.201] out: 192.168.56.201  rack1       Up     Normal  41.15 KB        100.00%             7193814521593633878                         
[192.168.56.201] out: 192.168.56.201  rack1       Up     Normal  41.15 KB        100.00%             7312112086657359300                         
[192.168.56.201] out: 192.168.56.201  rack1       Up     Normal  41.15 KB        100.00%             7430177131895130928                         
[192.168.56.201] out: 192.168.56.201  rack1       Up     Normal  41.15 KB        100.00%             7455733477971056527                         
[192.168.56.201] out: 192.168.56.201  rack1       Up     Normal  41.15 KB        100.00%             7480130015812779747                         
[192.168.56.201] out: 192.168.56.201  rack1       Up     Normal  41.15 KB        100.00%             7619808225044419097                         
[192.168.56.201] out: 192.168.56.201  rack1       Up     Normal  41.15 KB        100.00%             7844955173837771744                         
[192.168.56.201] out: 192.168.56.201  rack1       Up     Normal  41.15 KB        100.00%             8232097534765895737                         
[192.168.56.201] out: 192.168.56.201  rack1       Up     Normal  41.15 KB        100.00%             8319918223313093346                         
[192.168.56.201] out: 192.168.56.201  rack1       Up     Normal  41.15 KB        100.00%             8442022580207510989                         
[192.168.56.201] out: 192.168.56.201  rack1       Up     Normal  41.15 KB        100.00%             8501231739105886191                         
[192.168.56.201] out: 192.168.56.201  rack1       Up     Normal  41.15 KB        100.00%             8507795873513927062                         
[192.168.56.201] out: 192.168.56.201  rack1       Up     Normal  41.15 KB        100.00%             8569176683283357009                         
[192.168.56.201] out: 192.168.56.201  rack1       Up     Normal  41.15 KB        100.00%             8573773543396949247                         
[192.168.56.201] out: 192.168.56.201  rack1       Up     Normal  41.15 KB        100.00%             8615694569281979326                         
[192.168.56.201] out: 192.168.56.201  rack1       Up     Normal  41.15 KB        100.00%             8641589651595561602                         
[192.168.56.201] out: 192.168.56.201  rack1       Up     Normal  41.15 KB        100.00%             8669092233447123119                         
[192.168.56.201] out: 192.168.56.201  rack1       Up     Normal  41.15 KB        100.00%             8712988284166093820                         
[192.168.56.201] out: 192.168.56.201  rack1       Up     Normal  41.15 KB        100.00%             8715873840197056827                         
[192.168.56.201] out: 192.168.56.201  rack1       Up     Normal  41.15 KB        100.00%             8752851220795559603                         
[192.168.56.201] out: 192.168.56.201  rack1       Up     Normal  41.15 KB        100.00%             8766776225231167523                         
[192.168.56.201] out: 192.168.56.201  rack1       Up     Normal  41.15 KB        100.00%             8806044073765397617                         
[192.168.56.201] out: 192.168.56.201  rack1       Up     Normal  41.15 KB        100.00%             8874011767200176800                         
[192.168.56.201] out: 192.168.56.201  rack1       Up     Normal  41.15 KB        100.00%             8892576744460879912                         
[192.168.56.201] out: 192.168.56.201  rack1       Up     Normal  41.15 KB        100.00%             8933692745077371084                         
[192.168.56.201] out: 192.168.56.201  rack1       Up     Normal  41.15 KB        100.00%             8958501141023001049                         
[192.168.56.201] out: 192.168.56.201  rack1       Up     Normal  41.15 KB        100.00%             9106079832439626416                         
[192.168.56.201] out: 192.168.56.201  rack1       Up     Normal  41.15 KB        100.00%             9109991595537531977                         
[192.168.56.201] out: 192.168.56.201  rack1       Up     Normal  41.15 KB        100.00%             9208398423862809934                         
[192.168.56.201] out: 
[192.168.56.201] out:   Warning: "nodetool ring" is used to output all the tokens of a node.
[192.168.56.201] out:   To view status related info of a node use "nodetool status" instead.
[192.168.56.201] out: 
[192.168.56.201] out: 
[192.168.56.201] out:   
[192.168.56.201] All nodes available!
